// Jest Snapshot v1, https://goo.gl/fbAQLP

exports[`Form render with snapshot 1`] = `
<DocumentFragment>
  <form
    class="form"
    data-testid="form"
  >
    <div
      class="MuiFormControl-root MuiTextField-root form__textarea css-1u3bzj6-MuiFormControl-root-MuiTextField-root"
      data-testid="textarea"
    >
      <div
        class="MuiOutlinedInput-root MuiInputBase-root MuiInputBase-colorPrimary Mui-focused MuiInputBase-formControl MuiInputBase-multiline css-dpjnhs-MuiInputBase-root-MuiOutlinedInput-root"
      >
        <textarea
          aria-invalid="false"
          class="MuiOutlinedInput-input MuiInputBase-input MuiInputBase-inputMultiline css-1sqnrkk-MuiInputBase-input-MuiOutlinedInput-input"
          id=":r2:"
          placeholder="Введите сообщение"
          rows="4"
          style="height: 0px; overflow: hidden;"
        />
        <textarea
          aria-hidden="true"
          class="MuiOutlinedInput-input MuiInputBase-input MuiInputBase-inputMultiline css-1sqnrkk-MuiInputBase-input-MuiOutlinedInput-input"
          readonly=""
          style="visibility: hidden; position: absolute; overflow: hidden; height: 0px; top: 0px; left: 0px; transform: translateZ(0); padding: 0px; width: 100%;"
          tabindex="-1"
        />
        <fieldset
          aria-hidden="true"
          class="MuiOutlinedInput-notchedOutline css-1d3z3hw-MuiOutlinedInput-notchedOutline"
        >
          <legend
            class="css-hdw1oc"
          >
            <span
              class="notranslate"
            >
              ​
            </span>
          </legend>
        </fieldset>
      </div>
    </div>
    <button
      class="MuiButton-root MuiButton-outlined MuiButton-outlinedPrimary MuiButton-sizeMedium MuiButton-outlinedSizeMedium MuiButtonBase-root Mui-disabled form__button css-1rwt2y5-MuiButtonBase-root-MuiButton-root"
      data-testid="submit-button"
      disabled=""
      tabindex="-1"
      type="submit"
    >
      Отправить
    </button>
  </form>
</DocumentFragment>
`;
