// Jest Snapshot v1, https://goo.gl/fbAQLP

exports[`ChatList render with snapshot 1`] = `
<DocumentFragment>
  <ul
    class="MuiList-root MuiList-padding css-h4y409-MuiList-root"
    data-testid="chat-list"
  >
    <li
      class="MuiListItem-root MuiListItem-gutters chats-item css-1nxmd3h-MuiListItem-root"
    >
      <div
        class="MuiListItemButton-root MuiListItemButton-gutters MuiButtonBase-root css-16ac5r2-MuiButtonBase-root-MuiListItemButton-root"
        role="button"
        tabindex="0"
      >
        <div
          class="MuiListItemText-root css-tlelie-MuiListItemText-root"
        >
          <span
            class="MuiTypography-root MuiTypography-body1 MuiListItemText-primary css-10hburv-MuiTypography-root"
          >
            First
          </span>
        </div>
        <span
          class="MuiTouchRipple-root css-8je8zh-MuiTouchRipple-root"
        />
      </div>
    </li>
    <li
      class="MuiListItem-root MuiListItem-gutters chats-item css-1nxmd3h-MuiListItem-root"
    >
      <div
        class="MuiListItemButton-root MuiListItemButton-gutters MuiButtonBase-root css-16ac5r2-MuiButtonBase-root-MuiListItemButton-root"
        role="button"
        tabindex="0"
      >
        <div
          class="MuiListItemText-root css-tlelie-MuiListItemText-root"
        >
          <span
            class="MuiTypography-root MuiTypography-body1 MuiListItemText-primary css-10hburv-MuiTypography-root"
          >
            Second
          </span>
        </div>
        <span
          class="MuiTouchRipple-root css-8je8zh-MuiTouchRipple-root"
        />
      </div>
    </li>
  </ul>
</DocumentFragment>
`;
