// Jest Snapshot v1, https://goo.gl/fbAQLP

exports[`App render with snapshot 1`] = `
<DocumentFragment>
  <div
    class="content"
  >
    <div
      class="list"
      data-testid="messages-list"
    >
      <ul />
    </div>
    <form
      class="form"
      data-testid="form"
    >
      <textarea
        class="form__textarea"
        data-testid="textarea"
        placeholder="Введите сообщение"
        rows="6"
      />
      <button
        class="form__button"
        data-testid="submit-button"
        disabled=""
        type="submit"
      >
        Отправить
      </button>
    </form>
  </div>
</DocumentFragment>
`;
